// Jest Snapshot v1, https://goo.gl/fbAQLP

exports[`should included source of custom blocks 1`] = `
"/* script */

/* template */

  /* style */
  const __vue_inject_styles__ = undefined
  /* scoped */
  const __vue_scope_id__ = undefined
  /* module identifier */
  const __vue_module_identifier__ = undefined
  /* functional template */
  const __vue_is_functional_template__ = undefined
  /* component normalizer */
  function __vue_normalize__(
    template, style, script,
    scope, functional, moduleIdentifier, shadowMode,
    createInjector, createInjectorSSR, createInjectorShadow
  ) {
    const component = (typeof script === 'function' ? script.options : script) || {}

    // For security concerns, we use only base name in production mode.
    component.__file = \\"foo.vue\\"

    if (!component.render) {
      component.render = template.render
      component.staticRenderFns = template.staticRenderFns
      component._compiled = true

      if (functional) component.functional = true
    }

    component._scopeId = scope

    if (false) {
      let hook
      if (false) {
        // In SSR.
        hook = function(context) {
          // 2.3 injection
          context =
            context || // cached call
            (this.$vnode && this.$vnode.ssrContext) || // stateful
            (this.parent && this.parent.$vnode && this.parent.$vnode.ssrContext) // functional
          // 2.2 with runInNewContext: true
          if (!context && typeof __VUE_SSR_CONTEXT__ !== 'undefined') {
            context = __VUE_SSR_CONTEXT__
          }
          // inject component styles
          if (style) {
            style.call(this, createInjectorSSR(context))
          }
          // register component module identifier for async chunk inference
          if (context && context._registeredComponents) {
            context._registeredComponents.add(moduleIdentifier)
          }
        }
        // used by ssr in case component is cached and beforeCreate
        // never gets called
        component._ssrRegister = hook
      }
      else if (style) {
        hook = shadowMode 
          ? function(context) {
              style.call(this, createInjectorShadow(context, this.$root.$options.shadowRoot))
            }
          : function(context) {
              style.call(this, createInjector(context))
            }
      }

      if (hook !== undefined) {
        if (component.functional) {
          // register for functional component in vue file
          const originalRender = component.render
          component.render = function renderWithStyleInjection(h, context) {
            hook.call(context)
            return originalRender(h, context)
          }
        } else {
          // inject component registration as beforeCreate hook
          const existing = component.beforeCreate
          component.beforeCreate = existing ? [].concat(existing, hook) : [hook]
        }
      }
    }

    return component
  }
  /* style inject */
  
  /* style inject SSR */
  
  /* style inject shadow dom */
  

  
  const Component = __vue_normalize__(
    {},
    __vue_inject_styles__,
    {},
    __vue_scope_id__,
    __vue_is_functional_template__,
    __vue_module_identifier__,
    false,
    undefined,
    undefined,
    undefined
  )
  
  /* custom blocks */
  import block0 from 'foo.vue?rollup-plugin-vue=customBlocks.0.i18n'
  if (typeof block0 === 'function') block0(Component)
  import block1 from 'foo.vue?rollup-plugin-vue=customBlocks.1.json'
  if (typeof block1 === 'function') block1(Component)

  export default Component"
`;
